// Jest Snapshot v1, https://goo.gl/fbAQLP

exports[`CotiesList render 1`] = `
<div
  className="tabs"
>
  <section
    className="locations container"
  >
    <ul
      className="locations__list tabs__list"
    >
      <li
        className="locations__item"
        onClick={[Function]}
      >
        <a
          className="locations__item-link tabs__item  "
          href="#"
        >
          <span>
            Paris
          </span>
        </a>
      </li>
      <li
        className="locations__item"
        onClick={[Function]}
      >
        <a
          className="locations__item-link tabs__item  tabs__item--active"
          href="#"
        >
          <span>
            Moscow
          </span>
        </a>
      </li>
      <li
        className="locations__item"
        onClick={[Function]}
      >
        <a
          className="locations__item-link tabs__item  "
          href="#"
        >
          <span>
            Amsterdam
          </span>
        </a>
      </li>
      <li
        className="locations__item"
        onClick={[Function]}
      >
        <a
          className="locations__item-link tabs__item  "
          href="#"
        >
          <span>
            Honkong
          </span>
        </a>
      </li>
    </ul>
  </section>
</div>
`;
