// Jest Snapshot v1, https://goo.gl/fbAQLP

exports[`Render PlaceSorting 1`] = `
<form
  action="#"
  className="places__sorting"
  method="get"
>
  <span
    className="places__sorting-caption"
  >
    Sort by
  </span>
  <span
    className="places__sorting-type"
    onClick={[MockFunction]}
    tabIndex={0}
  >
    Popular
    <svg
      className="places__sorting-arrow"
      height="4"
      width="7"
    >
      <use
        xlinkHref="#icon-arrow-select"
      />
    </svg>
  </span>
  <ul
    className="places__options places__options--custom places__options--opened"
  >
    <li
      className="places__option places__option--active"
      onClick={[Function]}
      tabIndex={0}
      value="popular"
    >
      Popular
    </li>
    <li
      className="places__option false"
      onClick={[Function]}
      tabIndex={0}
      value="to-high"
    >
      Price: low to high
    </li>
    <li
      className="places__option false"
      onClick={[Function]}
      tabIndex={0}
      value="to-low"
    >
      Price: high to low
    </li>
    <li
      className="places__option false"
      onClick={[Function]}
      tabIndex={0}
      value="top-rated"
    >
      Top rated first
    </li>
  </ul>
</form>
`;
