// Jest Snapshot v1, https://goo.gl/fbAQLP

exports[`Render PlaceProperty 1`] = `
<main
  className="page__main page__main--property"
  id={8989}
>
  <section
    className="property"
  >
    <div
      className="property__gallery-container container"
    >
      <div
        className="property__gallery"
      >
        <div
          className="property__image-wrapper"
        >
          <img
            alt="Photo studio"
            className="property__image"
            src="img/apartment-01.jpg"
          />
        </div>
      </div>
    </div>
    <div
      className="property__container container"
    >
      <div
        className="property__wrapper"
      >
        
        <div
          className="property__name-wrapper"
        >
          <h1
            className="property__name"
          >
            good rererer
          </h1>
          <button
            className="property__bookmark-button button"
            onClick={[Function]}
            type="button"
          >
            <svg
              className="property__bookmark-icon"
              height="33"
              width="31"
            >
              <use
                xlinkHref="#icon-bookmark"
              />
            </svg>
            <span
              className="visually-hidden"
            >
              To bookmarks
            </span>
          </button>
        </div>
        <div
          className="property__rating rating"
        >
          <div
            className="property__stars rating__stars"
          >
            <span
              style={
                Object {
                  "width": "40%",
                }
              }
            />
            <span
              className="visually-hidden"
            >
              Rating
            </span>
          </div>
          <span
            className="property__rating-value rating__value"
          >
            1.8
          </span>
        </div>
        <ul
          className="property__features"
        >
          <li
            className="property__feature property__feature--entire"
          >
            Apartment
          </li>
          <li
            className="property__feature property__feature--bedrooms"
          >
            5 Bedrooms
          </li>
          <li
            className="property__feature property__feature--adults"
          >
            Max 
            1
             adults
          </li>
        </ul>
        <div
          className="property__price"
        >
          <b
            className="property__price-value"
          >
            €
            120
          </b>
          <span
            className="property__price-text"
          >
             night
          </span>
        </div>
        <div
          className="property__inside"
        >
          <h2
            className="property__inside-title"
          >
            What's inside
          </h2>
          <ul
            className="property__inside-list"
          >
            <li
              className="property__inside-item"
            >
              Cool vary cool place
            </li>
          </ul>
        </div>
        <div
          className="property__host"
        >
          <h2
            className="property__host-title"
          >
            Meet the host
          </h2>
          <div
            className="property__host-user user"
          >
            <div
              className="user__avatar-wrapper  property__avatar-wrapper property__avatar-wrapper--pro"
            >
              <img
                alt="Host avatar"
                className="property__avatar user__avatar"
                height="74"
                src="/img/avatar-angelina.jpg"
                width="74"
              />
            </div>
            <span
              className="property__user-name"
            >
              Lolo
            </span>
          </div>
          <div
            className="property__description"
          >
            <p
              className="property__text"
            >
              Wood and stone place
            </p>
          </div>
        </div>
        <section
          className="property__reviews reviews"
        >
          <h2
            className="reviews__title"
          >
            Reviews · 
            <span
              className="reviews__amount"
            >
              0
            </span>
          </h2>
          <ul
            className="reviews__list"
          />
        </section>
      </div>
    </div>
    <section
      className="property__map map"
    >
      <div
        id="map"
      />
    </section>
  </section>
  <div
    className="container"
  >
    <section
      className="near-places places"
    >
      <h2
        className="near-places__title"
      >
        Other places in the neighbourhood
      </h2>
      <div
        className="near-places__list places__list tabs__content"
      >
        <article
          className="near-places__card place-card"
          onMouseEnter={[Function]}
          onMouseLeave={[Function]}
        >
          
          <div
            className="near-places__image-wrapper place-card__image-wrapper"
          >
            <a
              href="#"
            >
              <img
                alt="Place image"
                className="place-card__image"
                height={110}
                src="img/apartment-01.jpg"
                width={260}
              />
            </a>
          </div>
          <div
            className=" place-card__info"
          >
            <div
              className="place-card__price-wrapper"
            >
              <div
                className="place-card__price"
              >
                <b
                  className="place-card__price-value"
                >
                  €
                  120
                </b>
                <span
                  className="place-card__price-text"
                >
                  / night
                </span>
              </div>
              <a
                className="place-card__bookmark-button button undefined"
                href="/login"
                onClick={[Function]}
                type="button"
              >
                <svg
                  className="place-card__bookmark-icon"
                  height="19"
                  width="18"
                >
                  <use
                    xlinkHref="#icon-bookmark"
                  />
                </svg>
                <span
                  className="visually-hidden"
                >
                  To bookmarks
                </span>
              </a>
            </div>
            <div
              className="place-card__rating rating"
            >
              <div
                className="place-card__stars rating__stars"
              >
                <span
                  style={
                    Object {
                      "width": "40%",
                    }
                  }
                />
                <span
                  className="visually-hidden"
                >
                  Rating
                </span>
              </div>
            </div>
            <a
              href="/offer/112"
              onClick={[Function]}
            >
              <h2
                className="place-card__name"
              >
                good rererer
              </h2>
            </a>
            <p
              className="place-card__type"
            >
              Apartment
            </p>
          </div>
        </article>
        <article
          className="near-places__card place-card"
          onMouseEnter={[Function]}
          onMouseLeave={[Function]}
        >
          
          <div
            className="near-places__image-wrapper place-card__image-wrapper"
          >
            <a
              href="#"
            >
              <img
                alt="Place image"
                className="place-card__image"
                height={110}
                width={260}
              />
            </a>
          </div>
          <div
            className=" place-card__info"
          >
            <div
              className="place-card__price-wrapper"
            >
              <div
                className="place-card__price"
              >
                <b
                  className="place-card__price-value"
                >
                  €
                  120
                </b>
                <span
                  className="place-card__price-text"
                >
                  / night
                </span>
              </div>
              <a
                className="place-card__bookmark-button button undefined"
                href="/login"
                onClick={[Function]}
                type="button"
              >
                <svg
                  className="place-card__bookmark-icon"
                  height="19"
                  width="18"
                >
                  <use
                    xlinkHref="#icon-bookmark"
                  />
                </svg>
                <span
                  className="visually-hidden"
                >
                  To bookmarks
                </span>
              </a>
            </div>
            <div
              className="place-card__rating rating"
            >
              <div
                className="place-card__stars rating__stars"
              >
                <span
                  style={
                    Object {
                      "width": "40%",
                    }
                  }
                />
                <span
                  className="visually-hidden"
                >
                  Rating
                </span>
              </div>
            </div>
            <a
              href="/offer/12"
              onClick={[Function]}
            >
              <h2
                className="place-card__name"
              >
                good rererer
              </h2>
            </a>
            <p
              className="place-card__type"
            >
              Apartment
            </p>
          </div>
        </article>
      </div>
    </section>
  </div>
</main>
`;
